// Jest Snapshot v1, https://goo.gl/fbAQLP

exports[`Payslips renders correctly 1`] = `
{
  "asFragment": [Function],
  "baseElement": <body>
    <div>
      <div
        class="ion-page"
      >
        <ion-header
          translucent="true"
        >
          <!---->
          <ion-toolbar>
            <ion-title>
              Payslips
            </ion-title>
          </ion-toolbar>
        </ion-header>
        <ion-content
          class="ion-padding"
          fullscreen="true"
        >
          <ion-header
            collapse="condense"
          >
            <!---->
            <ion-toolbar>
              <ion-title
                size="large"
              >
                Payslips
              </ion-title>
            </ion-toolbar>
          </ion-header>
          <h2
            class="hDesc"
          >
            View available payslips in your history
          </h2>
          <ion-list>
            <ion-item
              class="cardCont"
              detail="false"
              href="/payslip/61f4a809a6c0b5d0e1840c11"
              lines="none"
            >
              <div
                class="card"
              >
                <div
                  class="info"
                >
                  <h3
                    class="infoTitle"
                  >
                    Payslip for 
                    Tue Feb 01 2022
                     to 
                    Tue Mar 01 2022
                  </h3>
                  <div
                    class="infoDesc"
                  >
                    Click to for details
                  </div>
                </div>
                <div
                  class="preview"
                >
                  <ion-img
                    alt="payslip"
                    class="previewImg"
                    src="https://www.personalfinancelab.com/wp-content/uploads/h5p/content/13/images/image-5e502af138e62.PNG"
                  />
                </div>
              </div>
            </ion-item>
            <ion-item
              class="cardCont"
              detail="false"
              href="/payslip/61f4a80aa6c0b5d0e1840c12"
              lines="none"
            >
              <div
                class="card"
              >
                <div
                  class="info"
                >
                  <h3
                    class="infoTitle"
                  >
                    Payslip for 
                    Tue Mar 01 2022
                     to 
                    Fri Apr 01 2022
                  </h3>
                  <div
                    class="infoDesc"
                  >
                    Click to for details
                  </div>
                </div>
                <div
                  class="preview"
                >
                  <ion-img
                    alt="payslip"
                    class="previewImg"
                    src="https://www.personalfinancelab.com/wp-content/uploads/h5p/content/13/images/image-5e502af138e62.PNG"
                  />
                </div>
              </div>
            </ion-item>
          </ion-list>
        </ion-content>
      </div>
    </div>
  </body>,
  "container": <div>
    <div
      class="ion-page"
    >
      <ion-header
        translucent="true"
      >
        <!---->
        <ion-toolbar>
          <ion-title>
            Payslips
          </ion-title>
        </ion-toolbar>
      </ion-header>
      <ion-content
        class="ion-padding"
        fullscreen="true"
      >
        <ion-header
          collapse="condense"
        >
          <!---->
          <ion-toolbar>
            <ion-title
              size="large"
            >
              Payslips
            </ion-title>
          </ion-toolbar>
        </ion-header>
        <h2
          class="hDesc"
        >
          View available payslips in your history
        </h2>
        <ion-list>
          <ion-item
            class="cardCont"
            detail="false"
            href="/payslip/61f4a809a6c0b5d0e1840c11"
            lines="none"
          >
            <div
              class="card"
            >
              <div
                class="info"
              >
                <h3
                  class="infoTitle"
                >
                  Payslip for 
                  Tue Feb 01 2022
                   to 
                  Tue Mar 01 2022
                </h3>
                <div
                  class="infoDesc"
                >
                  Click to for details
                </div>
              </div>
              <div
                class="preview"
              >
                <ion-img
                  alt="payslip"
                  class="previewImg"
                  src="https://www.personalfinancelab.com/wp-content/uploads/h5p/content/13/images/image-5e502af138e62.PNG"
                />
              </div>
            </div>
          </ion-item>
          <ion-item
            class="cardCont"
            detail="false"
            href="/payslip/61f4a80aa6c0b5d0e1840c12"
            lines="none"
          >
            <div
              class="card"
            >
              <div
                class="info"
              >
                <h3
                  class="infoTitle"
                >
                  Payslip for 
                  Tue Mar 01 2022
                   to 
                  Fri Apr 01 2022
                </h3>
                <div
                  class="infoDesc"
                >
                  Click to for details
                </div>
              </div>
              <div
                class="preview"
              >
                <ion-img
                  alt="payslip"
                  class="previewImg"
                  src="https://www.personalfinancelab.com/wp-content/uploads/h5p/content/13/images/image-5e502af138e62.PNG"
                />
              </div>
            </div>
          </ion-item>
        </ion-list>
      </ion-content>
    </div>
  </div>,
  "debug": [Function],
  "findAllByAltText": [Function],
  "findAllByDisplayValue": [Function],
  "findAllByLabelText": [Function],
  "findAllByPlaceholderText": [Function],
  "findAllByRole": [Function],
  "findAllByTestId": [Function],
  "findAllByText": [Function],
  "findAllByTitle": [Function],
  "findByAltText": [Function],
  "findByDisplayValue": [Function],
  "findByLabelText": [Function],
  "findByPlaceholderText": [Function],
  "findByRole": [Function],
  "findByTestId": [Function],
  "findByText": [Function],
  "findByTitle": [Function],
  "getAllByAltText": [Function],
  "getAllByDisplayValue": [Function],
  "getAllByLabelText": [Function],
  "getAllByPlaceholderText": [Function],
  "getAllByRole": [Function],
  "getAllByTestId": [Function],
  "getAllByText": [Function],
  "getAllByTitle": [Function],
  "getByAltText": [Function],
  "getByDisplayValue": [Function],
  "getByLabelText": [Function],
  "getByPlaceholderText": [Function],
  "getByRole": [Function],
  "getByTestId": [Function],
  "getByText": [Function],
  "getByTitle": [Function],
  "queryAllByAltText": [Function],
  "queryAllByDisplayValue": [Function],
  "queryAllByLabelText": [Function],
  "queryAllByPlaceholderText": [Function],
  "queryAllByRole": [Function],
  "queryAllByTestId": [Function],
  "queryAllByText": [Function],
  "queryAllByTitle": [Function],
  "queryByAltText": [Function],
  "queryByDisplayValue": [Function],
  "queryByLabelText": [Function],
  "queryByPlaceholderText": [Function],
  "queryByRole": [Function],
  "queryByTestId": [Function],
  "queryByText": [Function],
  "queryByTitle": [Function],
  "rerender": [Function],
  "unmount": [Function],
}
`;
